// Jest Snapshot v1, https://goo.gl/fbAQLP

exports[`ImageBanner should render 1`] = `
.c1 {
  display: block;
  color: #2d2f7f;
  font-size: 28px;
  margin-bottom: 0;
}

.c1 span {
  background-color: #ffffff;
  display: inline-block;
  padding: 0 10px;
}

.c2 {
  color: #ffffff;
  font-size: 16px;
}

.c2 span {
  background-color: #2d2f7f;
  display: inline-block;
  padding: 0 10px;
}

.c0 {
  display: -webkit-box;
  display: -webkit-flex;
  display: -ms-flexbox;
  display: flex;
  -webkit-flex-direction: column;
  -ms-flex-direction: column;
  flex-direction: column;
  height: 210px;
  -webkit-box-pack: center;
  -webkit-justify-content: center;
  -ms-flex-pack: center;
  justify-content: center;
  line-height: 0;
  padding-left: 10px;
}

@media (min-width:768px) {
  .c0 {
    height: 250px;
    padding-left: 90px;
  }
}

<div
  className="c0"
>
  <img
    alt=""
    src=""
  />
  <h1
    className="c1"
  >
    <span>
      
    </span>
  </h1>
  <h3
    className="c2"
  >
    <span>
      
    </span>
  </h3>
</div>
`;
