// Jest Snapshot v1, https://goo.gl/fbAQLP

exports[`ImageBanner should render 1`] = `
.c2 {
  background-color: #ffffff;
  display: inline-block;
  color: #2d2f7f;
  font-size: 28px;
  margin-bottom: 0;
  padding: 0 10px;
}

.c3 {
  background-color: #2d2f7f;
  color: #ffffff;
  display: inline-block;
  font-size: 16px;
  padding: 0 10px;
}

.c0 {
  -webkit-box-pack: center;
  -webkit-justify-content: center;
  -ms-flex-pack: center;
  justify-content: center;
  background-image: url();
  background-size: cover;
  background-repeat: no-repeat;
  display: -webkit-box;
  display: -webkit-flex;
  display: -ms-flexbox;
  display: flex;
  -webkit-flex-direction: column;
  -ms-flex-direction: column;
  flex-direction: column;
  padding-left: 10px;
  height: 210px;
}

.c1 {
  line-height: 0;
}

@media (min-width:768px) {
  .c0 {
    height: 250px;
    padding-left: 90px;
  }
}

<div
  className="c0"
>
  <div
    className="c1"
  >
    <h1
      className="c2"
    >
      
    </h1>
    <br />
    <h3
      className="c3"
    >
      
    </h3>
  </div>
</div>
`;
